// Vitest Snapshot v1, https://vitest.dev/guide/snapshot.html

exports[`BadgeGroup > should render HTML correctly 1`] = `
<DocumentFragment>
  <div
    class="flex items-center flex-row justify-start gap-3 flex-wrap"
    role="group"
  >
    <span
      class="inline-flex items-center justify-center font-medium transition-all duration-200 select-none gap-1 min-h-[1.25rem] rounded-xs text-xs px-1.5 py-0.5 h-4 bg-primary-light text-primary-bold"
    >
      Primary
    </span>
    <span
      class="inline-flex items-center justify-center font-medium transition-all duration-200 select-none gap-1 min-h-[1.25rem] rounded-xs text-xs px-1.5 py-0.5 h-4 bg-secondary-light text-secondary-bold"
    >
      Secondary
    </span>
  </div>
</DocumentFragment>
`;
