// Vitest Snapshot v1, https://vitest.dev/guide/snapshot.html

exports[`DrawerInput > renders correctly and matches snapshot 1`] = `
<DocumentFragment>
  <div>
    <label
      class="block text-sm font-medium text-foreground mb-2"
      for="«r0»"
    >
      Select value
    </label>
    <div
      class="relative w-full"
    >
      <input
        aria-expanded="false"
        aria-haspopup="dialog"
        aria-invalid="false"
        class="block w-full rounded-md border bg-white transition-colors focus:outline-none focus:ring-2 focus:ring-offset-2 disabled:opacity-50 disabled:pointer-events-none disabled:bg-gray-50 border-primary/30 text-foreground focus:border-primary focus:ring-primary/20 pl-3 pr-3 h-10"
        id="«r0»"
        readonly=""
        tabindex="0"
        value=""
      />
    </div>
  </div>
  <div
    class="fixed z-50 inset-0 pointer-events-none"
  >
    <div
      class="fixed inset-0 z-50 transition-opacity duration-300 bg-foreground/30 backdrop-blur-md opacity-0 pointer-events-none"
    />
    <div
      class="fixed z-50 shadow-xl flex flex-col right-0 top-0 bottom-0 border-l w-96 bg-white border-border transition-transform duration-300 ease-in-out translate-x-full"
    />
  </div>
</DocumentFragment>
`;
