// Vitest Snapshot v1, https://vitest.dev/guide/snapshot.html

exports[`ChipSingleInput > matches snapshot 1`] = `
<DocumentFragment>
  <div
    aria-label="Select fruits"
    class="w-full"
  >
    <div
      class="flex flex-wrap gap-2"
    >
      <input
        class="sr-only"
        id="«rr»"
        name="fruits"
        type="radio"
        value="apple"
      />
      <label
        class="inline-flex items-center bg-white transition-colors duration-200 cursor-pointer border border-border hover:bg-primary-soft hover:border-primary-bold focus:border-primary-light data-[selected=true]:bg-primary data-[selected=true]:border-primary data-[selected=true]:text-white rounded-full h-7 px-3 text-sm min-w-[2.25rem]"
        data-selected="false"
        for="«rr»"
      >
        <span
          class="flex items-center gap-2"
        >
          Apple
        </span>
      </label>
      <input
        class="sr-only"
        id="«rs»"
        name="fruits"
        type="radio"
        value="banana"
      />
      <label
        class="inline-flex items-center bg-white transition-colors duration-200 cursor-pointer border border-border hover:bg-primary-soft hover:border-primary-bold focus:border-primary-light data-[selected=true]:bg-primary data-[selected=true]:border-primary data-[selected=true]:text-white rounded-full h-7 px-3 text-sm min-w-[2.25rem]"
        data-selected="false"
        for="«rs»"
      >
        <span
          class="flex items-center gap-2"
        >
          Banana
        </span>
      </label>
      <input
        checked=""
        class="sr-only"
        id="«rt»"
        name="fruits"
        type="radio"
        value="cherry"
      />
      <label
        class="inline-flex items-center bg-white transition-colors duration-200 cursor-pointer border border-border hover:bg-primary-soft hover:border-primary-bold focus:border-primary-light data-[selected=true]:bg-primary data-[selected=true]:border-primary data-[selected=true]:text-white rounded-full h-7 px-3 text-sm min-w-[2.25rem]"
        data-selected="true"
        for="«rt»"
      >
        <span
          class="flex items-center gap-2"
        >
          Cherry
        </span>
      </label>
    </div>
  </div>
</DocumentFragment>
`;
