// Vitest Snapshot v1, https://vitest.dev/guide/snapshot.html

exports[`SelectableSingleInput > renders all options and allows selection 1`] = `
<DocumentFragment>
  <div
    class="flex flex-col "
  >
    <label
      aria-checked="true"
      aria-label="Select option1"
      class="flex items-center gap-3 cursor-pointer border-b select-none p-4 transition-colors border-primary"
      for="«r0»"
      role="radio"
      tabindex="0"
    >
      <input
        aria-checked="true"
        aria-hidden="true"
        checked=""
        class="sr-only"
        id="«r0»"
        type="radio"
        value="option1"
      />
      <span
        aria-hidden="true"
        class="flex h-6 w-6 items-center justify-center rounded-sm overflow-hidden border border-border transition-colors duration-150 focus-visible:ring-2 focus-visible:ring-primary focus-visible:ring-offset-2 bg-primary active:scale-95"
      >
        <svg
          aria-hidden="true"
          class="lucide lucide-check inline-flex items-center justify-center w-5 h-5 text-neutral"
          fill="none"
          height="24"
          stroke="currentColor"
          stroke-linecap="round"
          stroke-linejoin="round"
          stroke-width="2"
          viewBox="0 0 24 24"
          width="24"
          xmlns="http://www.w3.org/2000/svg"
        >
          <path
            d="M20 6 9 17l-5-5"
          />
        </svg>
      </span>
      <span
        class="flex-1 min-w-0 text-base text-foreground"
      >
        <span
          class="font-medium"
        >
          Option 1
        </span>
      </span>
    </label>
    <label
      aria-checked="false"
      aria-label="Select option2"
      class="flex items-center gap-3 cursor-pointer border-b select-none p-4 transition-colors border-border"
      for="«r1»"
      role="radio"
      tabindex="0"
    >
      <input
        aria-checked="false"
        aria-hidden="true"
        class="sr-only"
        id="«r1»"
        type="radio"
        value="option2"
      />
      <span
        aria-hidden="true"
        class="flex h-6 w-6 items-center justify-center rounded-sm overflow-hidden border border-border transition-colors duration-150 focus-visible:ring-2 focus-visible:ring-primary focus-visible:ring-offset-2 border-border bg-white active:scale-95"
      />
      <span
        class="flex-1 min-w-0 text-base text-foreground"
      >
        <span
          class="text-secondary"
        >
          Option 2 (custom color)
        </span>
      </span>
    </label>
    <label
      aria-checked="false"
      aria-label="Select option3"
      class="flex items-center gap-3 cursor-pointer border-b select-none p-4 transition-colors border-border"
      for="«r2»"
      role="radio"
      tabindex="0"
    >
      <input
        aria-checked="false"
        aria-hidden="true"
        class="sr-only"
        id="«r2»"
        type="radio"
        value="option3"
      />
      <span
        aria-hidden="true"
        class="flex h-6 w-6 items-center justify-center rounded-sm overflow-hidden border border-border transition-colors duration-150 focus-visible:ring-2 focus-visible:ring-primary focus-visible:ring-offset-2 border-border bg-white active:scale-95"
      />
      <span
        class="flex-1 min-w-0 text-base text-foreground"
      >
        <span
          class="flex items-center gap-2"
        >
          <span>
            Option 3
          </span>
          <span
            class="text-xs text-info"
          >
            (with info)
          </span>
        </span>
      </span>
    </label>
  </div>
</DocumentFragment>
`;
