// Vitest Snapshot v1, https://vitest.dev/guide/snapshot.html

exports[`ChipMultipleInput > matches snapshot 1`] = `
<DocumentFragment>
  <fieldset
    class="w-full border-0 p-0 m-0"
  >
    <legend
      class="block text-sm font-medium text-foreground mb-3 float-none w-auto"
    >
      Select fruits
    </legend>
    <div
      class="flex flex-wrap gap-2"
    >
      <input
        class="sr-only"
        id="«rv»"
        name="fruits[]"
        type="checkbox"
        value="apple"
      />
      <label
        class="inline-flex items-center justify-center rounded-full bg-white transition-colors duration-200 cursor-pointer border border-border hover:bg-primary-soft hover:border-primary-bold focus:border-primary-light data-[selected=true]:bg-primary data-[selected=true]:border-primary data-[selected=true]:text-white h-9 px-4 text-sm min-w-[2.5rem]"
        data-selected="false"
        for="«rv»"
      >
        <span
          class="flex items-center gap-2"
        >
          Apple
        </span>
      </label>
      <input
        checked=""
        class="sr-only"
        id="«r10»"
        name="fruits[]"
        type="checkbox"
        value="banana"
      />
      <label
        class="inline-flex items-center justify-center rounded-full bg-white transition-colors duration-200 cursor-pointer border border-border hover:bg-primary-soft hover:border-primary-bold focus:border-primary-light data-[selected=true]:bg-primary data-[selected=true]:border-primary data-[selected=true]:text-white h-9 px-4 text-sm min-w-[2.5rem]"
        data-selected="true"
        for="«r10»"
      >
        <span
          class="flex items-center gap-2"
        >
          Banana
        </span>
      </label>
      <input
        class="sr-only"
        id="«r11»"
        name="fruits[]"
        type="checkbox"
        value="cherry"
      />
      <label
        class="inline-flex items-center justify-center rounded-full bg-white transition-colors duration-200 cursor-pointer border border-border hover:bg-primary-soft hover:border-primary-bold focus:border-primary-light data-[selected=true]:bg-primary data-[selected=true]:border-primary data-[selected=true]:text-white h-9 px-4 text-sm min-w-[2.5rem]"
        data-selected="false"
        for="«r11»"
      >
        <span
          class="flex items-center gap-2"
        >
          Cherry
        </span>
      </label>
    </div>
  </fieldset>
</DocumentFragment>
`;
