// Vitest Snapshot v1, https://vitest.dev/guide/snapshot.html

exports[`BottomSheet > renders the basic bottom sheet and matches snapshot 1`] = `
<DocumentFragment>
  <button
    aria-disabled="false"
    class="inline-flex items-center justify-center gap-2 rounded-md font-medium transition-all duration-200 focus-visible:outline-none focus-visible:ring-2 focus-visible:ring-offset-2 disabled:opacity-50 disabled:pointer-events-none active:scale-[0.98] select-none bg-primary text-white hover:bg-primary/90 focus-visible:ring-primary-soft focus-visible:ring-offset-white shadow-sm hover:shadow-md h-10 px-4 text-sm min-w-[2.5rem]"
    type="button"
  >
    Open BottomSheet
  </button>
  <div
    aria-hidden="true"
    class="fixed inset-0 z-40 duration-300 pointer-events-none"
  />
  <div
    aria-modal="true"
    class="fixed left-0 bottom-0 z-50 w-full max-h-[90dvh] bg-background shadow-lg border-t border-border rounded-lg transition-transform duration-300 ease-in-out will-change-transform translate-y-full"
    role="dialog"
    tabindex="-1"
  >
    <div
      class="px-4 pt-4 pb-2"
    >
      <div
        class="flex items-center justify-between"
      >
        <h2
          class="text-lg font-semibold text-foreground"
        >
          Sheet Title
        </h2>
        <button
          aria-disabled="false"
          aria-label="Close"
          class="inline-flex items-center justify-center font-medium transition-all duration-200 focus-visible:outline-none focus-visible:ring-2 focus-visible:ring-offset-2 disabled:opacity-50 disabled:pointer-events-none active:scale-[0.98] select-none bg-white text-foreground hover:bg-ghost-soft focus-visible:ring-ghost-soft focus-visible:ring-offset-white h-8 w-8 rounded-md"
          type="button"
        >
          <svg
            aria-hidden="true"
            class="lucide lucide-x inline-flex items-center justify-center w-4 h-4 text-ghost"
            fill="none"
            height="24"
            stroke="currentColor"
            stroke-linecap="round"
            stroke-linejoin="round"
            stroke-width="2"
            viewBox="0 0 24 24"
            width="24"
            xmlns="http://www.w3.org/2000/svg"
          >
            <path
              d="M18 6 6 18"
            />
            <path
              d="m6 6 12 12"
            />
          </svg>
        </button>
      </div>
    </div>
    <div
      class="px-4 py-2"
    >
      <p
        class="text-sm text-foreground-light"
      >
        This is a mobile bottom sheet. You can put any content here, such as actions, menus, or forms.
      </p>
    </div>
    <div
      class="px-4 pt-2 pb-4"
    >
      <button
        aria-disabled="false"
        class="inline-flex items-center justify-center gap-2 rounded-md font-medium transition-all duration-200 focus-visible:outline-none focus-visible:ring-2 focus-visible:ring-offset-2 disabled:opacity-50 disabled:pointer-events-none active:scale-[0.98] select-none bg-primary text-white hover:bg-primary/90 focus-visible:ring-primary-soft focus-visible:ring-offset-white shadow-sm hover:shadow-md h-10 px-4 text-sm min-w-[2.5rem] w-full"
        type="button"
      >
        Confirm
      </button>
    </div>
  </div>
</DocumentFragment>
`;
