// Vitest Snapshot v1, https://vitest.dev/guide/snapshot.html

exports[`SwitchInput > renders correctly (snapshot) 1`] = `
<DocumentFragment>
  <div
    class="flex flex-col"
  >
    <label
      class="text-sm select-none font-medium text-foreground mb-1"
      for="«r0»"
    >
      Enable notifications
    </label>
    <span
      class="relative flex items-center"
    >
      <input
        aria-label="Enable notifications"
        class="absolute inset-0 w-full h-full opacity-0 cursor-pointer z-10"
        id="«r0»"
        type="checkbox"
      />
      <span
        aria-hidden="true"
        class="relative inline-flex items-center transition-colors duration-200 border h-5 w-10 bg-white border-border rounded-full pointer-events-none"
      />
      <span
        aria-hidden="true"
        class="absolute rounded-full transition-transform duration-200 h-4 w-4 bg-neutral left-0.5"
      />
    </span>
  </div>
</DocumentFragment>
`;
