// Vitest Snapshot v1, https://vitest.dev/guide/snapshot.html

exports[`ModalInput > renders as readOnly TextInput and matches snapshot 1`] = `
<DocumentFragment>
  <div>
    <label
      class="block text-sm font-medium text-foreground mb-2"
      for="«r0»"
    >
      Pick a value
    </label>
    <div
      class="relative w-full"
    >
      <input
        aria-expanded="false"
        aria-haspopup="dialog"
        aria-invalid="false"
        class="block w-full rounded-md border bg-white transition-colors focus:outline-none focus:ring-2 focus:ring-offset-2 disabled:opacity-50 disabled:pointer-events-none disabled:bg-gray-50 border-primary/30 text-foreground focus:border-primary focus:ring-primary/20 pl-3 pr-3 h-10"
        id="«r0»"
        placeholder="Click to open modal"
        readonly=""
        tabindex="0"
        value=""
      />
    </div>
  </div>
  <div
    class="fixed z-50 inset-0 pointer-events-none"
  >
    <div
      aria-modal="true"
      class="fixed inset-0 z-60 bg-foreground/30 backdrop-blur-md flex justify-center transition-opacity duration-200 ease-in-out items-center opacity-0 pointer-events-none"
      role="presentation"
      tabindex="-1"
    />
    <div
      aria-hidden="true"
      class="z-61 bg-white rounded-lg shadow-xl fixed flex flex-col outline-none mx-4 transition-all duration-200 ease-in-out w-[28rem] max-w-md top-1/2 left-1/2 -translate-x-1/2 -translate-y-1/2 opacity-0 scale-95 pointer-events-none"
      role="dialog"
      tabindex="-1"
    />
  </div>
</DocumentFragment>
`;
