// Vitest Snapshot v1, https://vitest.dev/guide/snapshot.html

exports[`Text > matches snapshot for paragraph 1`] = `
<DocumentFragment>
  <p
    class="text-tertiary normal-case no-underline text-justify line-clamp-3 font-normal text-base leading-normal overflow-hidden"
  >
    Paragraph: Tertiary, Justify, Clamp 3, Ellipsis. Lorem ipsum dolor sit amet, consectetur adipiscing elit. Sed euismod, nunc ut laoreet cursus, enim erat facilisis urna, vitae dictum massa enim nec velit.
  </p>
</DocumentFragment>
`;
