// Vitest Snapshot v1, https://vitest.dev/guide/snapshot.html

exports[`AttributeList > should render default AttributeList with correct HTML structure 1`] = `
<DocumentFragment>
  <ul
    class="grid gap-4 grid-cols-4"
  >
    <li
      class="col-span-1"
    >
      <div
        class="space-y-1"
      >
        <h6
          class="text-gray-500 normal-case no-underline text-left font-medium text-base leading-none"
        >
          Name
        </h6>
        <small
          class="text-ghost normal-case no-underline text-left text-sm leading-normal font-normal"
        >
          John Doe
        </small>
      </div>
    </li>
    <li
      class="col-span-1"
    >
      <div
        class="space-y-1"
      >
        <h6
          class="text-gray-500 normal-case no-underline text-left font-medium text-base leading-none"
        >
          Email
        </h6>
        <small
          class="text-ghost normal-case no-underline text-left text-sm leading-normal font-normal"
        >
          john.doe@example.com
        </small>
      </div>
    </li>
    <li
      class="col-span-1"
    >
      <div
        class="space-y-1"
      >
        <h6
          class="text-gray-500 normal-case no-underline text-left font-medium text-base leading-none"
        >
          Phone
        </h6>
        <small
          class="text-ghost normal-case no-underline text-left text-sm leading-normal font-normal"
        >
          +1 (555) 123-4567
        </small>
      </div>
    </li>
    <li
      class="col-span-1"
    >
      <div
        class="space-y-1"
      >
        <h6
          class="text-gray-500 normal-case no-underline text-left font-medium text-base leading-none"
        >
          Location
        </h6>
        <small
          class="text-ghost normal-case no-underline text-left text-sm leading-normal font-normal"
        >
          New York, NY
        </small>
      </div>
    </li>
  </ul>
</DocumentFragment>
`;
