// Vitest Snapshot v1, https://vitest.dev/guide/snapshot.html

exports[`Card > matches snapshot for default card 1`] = `
<DocumentFragment>
  <button
    class="flex justify-between transition-colors duration-200 cursor-pointer w-full focus-visible:outline-none focus-visible:ring-2 focus-visible:ring-primary-light hover:bg-gray-50 p-4 rounded-lg"
  >
    <div
      class="flex items-start gap-4 w-full"
    >
      <div
        class="flex-shrink-0"
      >
        <div
          class="inline-flex items-center justify-center font-medium overflow-hidden transition-all duration-200 select-none relative bg-primary-light text-primary h-9 w-9 text-sm rounded-full"
        >
          DC
        </div>
      </div>
      <div
        class="w-full min-w-0"
      >
        <div
          class="mb-2"
        >
          <div
            class="flex justify-between"
          >
            <h3
              class="text-ghost text-left text-base font-semibold truncate"
            >
              Default Card
            </h3>
          </div>
          <div
            class=""
          >
            <p
              class="text-gray-500 text-left font-normal text-sm"
            >
              This is a subtitle
            </p>
          </div>
        </div>
        <div
          class="flex justify-between items-center gap-2 flex-wrap "
        >
          <div
            class="mr-auto flex-shrink-0 flex-wrap"
          >
            <span
              class="inline-flex items-center justify-center font-medium transition-all duration-200 select-none gap-1 min-h-[1.25rem] rounded-xs text-xs px-1.5 py-0.5 h-4 bg-secondary-light text-secondary-bold"
            >
              Status
            </span>
          </div>
          <div
            class="ml-auto flex-shrink-0"
          >
            <p
              class="text-gray-500 text-left font-normal text-sm"
            >
              Info
            </p>
          </div>
        </div>
      </div>
    </div>
  </button>
</DocumentFragment>
`;
