// Vitest Snapshot v1, https://vitest.dev/guide/snapshot.html

exports[`Card > matches snapshot for default card 1`] = `
<DocumentFragment>
  <button
    class="flex justify-between transition-colors duration-200 w-full p-3 sm:p-4 rounded-lg focus-visible:outline-none focus-visible:ring-2 focus-visible:ring-primary-light hover:bg-gray-50 cursor-pointer @container/card"
  >
    <div
      class="flex items-start gap-3 @sm/card:gap-4 w-full"
    >
      <div
        class="flex-shrink-0"
      >
        <div
          class="inline-flex items-center justify-center font-medium overflow-hidden transition-all duration-200 select-none relative bg-primary-light text-primary h-9 w-9 text-sm rounded-full"
        >
          DC
        </div>
      </div>
      <div
        class="w-full min-w-0"
      >
        <div
          class="mb-2"
        >
          <div
            class="flex items-start justify-between gap-2"
          >
            <div
              class="flex-1 min-w-0"
            >
              <h6
                class="text-black normal-case no-underline text-left font-medium text-base break-words leading-tight"
              >
                Default Card
              </h6>
              <div
                class="mt-1"
              >
                <div
                  class="flex"
                >
                  <small
                    class="text-gray-500 normal-case no-underline text-left font-normal text-sm leading-normal"
                  >
                    This is a subtitle
                  </small>
                </div>
              </div>
            </div>
          </div>
        </div>
        <div
          class="flex flex-col gap-2 @sm/card:flex-row @sm/card:justify-between @sm/card:items-center"
        >
          <div
            class="order-1 @sm/card:order-none overflow-hidden"
          >
            <span
              class="inline-flex items-center justify-center font-medium transition-all duration-200 select-none gap-1 min-h-[1.25rem] rounded-xs text-xs px-1.5 py-0.5 h-4 bg-secondary-light text-secondary-bold"
            >
              Status
            </span>
          </div>
          <div
            class="flex-shrink-0 order-2 @sm/card:order-none @sm/card:ml-auto"
          >
            <div
              class="flex justify-end"
            >
              <small
                class="text-gray-500 normal-case no-underline text-left font-normal text-sm leading-normal truncate"
              >
                Info
              </small>
            </div>
          </div>
        </div>
      </div>
    </div>
  </button>
</DocumentFragment>
`;
