// Vitest Snapshot v1, https://vitest.dev/guide/snapshot.html

exports[`DescriptionList > renders correctly (snapshot) 1`] = `
<DocumentFragment>
  <dl
    class="grid grid-cols-12 gap-y-4"
  >
    <div
      class="col-span-4"
    >
      <dt>
        <span
          class="text-gray-500 text-left text-sm font-medium"
        >
          Name
        </span>
      </dt>
      <dd>
        <span
          class="text-black text-left text-base font-medium"
        >
          Jane Doe
        </span>
      </dd>
    </div>
    <div
      class="col-span-6"
    >
      <dt>
        <span
          class="text-gray-500 text-left text-sm font-medium"
        >
          Email
        </span>
      </dt>
      <dd>
        <span
          class="text-primary text-left text-base font-medium"
        >
          jane@example.com
        </span>
      </dd>
    </div>
  </dl>
</DocumentFragment>
`;
