// Vitest Snapshot v1, https://vitest.dev/guide/snapshot.html

exports[`Modal > renders correctly (snapshot) 1`] = `
<DocumentFragment>
  <button
    aria-disabled="false"
    class="inline-flex items-center justify-center gap-2 rounded-md font-medium transition-all duration-200 focus-visible:outline-none focus-visible:ring-2 focus-visible:ring-offset-2 disabled:opacity-50 disabled:pointer-events-none active:scale-[0.98] select-none bg-coral text-white hover:bg-coral/90 focus-visible:ring-coral-soft focus-visible:ring-offset-white shadow-sm hover:shadow-md h-10 px-4 text-sm min-w-[2.5rem]"
    type="button"
  >
    Open Modal
  </button>
  <div
    aria-modal="true"
    class="fixed inset-0 z-51 transition-opacity duration-300 bg-black/30 backdrop-blur-md flex items-center justify-center transition-opacity duration-200 ease-in-out items-center transition-opacity duration-200 ease-in-out opacity-0 pointer-events-none"
    placement="center"
    role="presentation"
    tabindex="-1"
  >
    <div
      aria-hidden="true"
      aria-label="Dialog"
      class="bg-white rounded-lg shadow-xl relative flex flex-col outline-none mx-4 transition-all duration-200 ease-in-out  w-[28rem] max-w-md transition-all duration-200 ease-in-out opacity-0 scale-95 pointer-events-none"
      role="dialog"
      tabindex="0"
    >
      <div
        class="px-6 pt-6 pb-2 text-lg font-semibold"
      >
        Title
      </div>
      <div
        class="px-6 py-2"
      >
        Body
      </div>
      <div
        class="px-6 py-4 flex justify-end gap-2"
      >
        <button
          aria-disabled="false"
          class="inline-flex items-center justify-center gap-2 rounded-md font-medium transition-all duration-200 focus-visible:outline-none focus-visible:ring-2 focus-visible:ring-offset-2 disabled:opacity-50 disabled:pointer-events-none active:scale-[0.98] select-none bg-transparent text-foreground hover:bg-slate-soft focus-visible:ring-slate-soft focus-visible:ring-offset-white h-10 px-4 text-sm min-w-[2.5rem]"
          type="button"
        >
          Cancel
        </button>
        <button
          aria-disabled="false"
          class="inline-flex items-center justify-center gap-2 rounded-md font-medium transition-all duration-200 focus-visible:outline-none focus-visible:ring-2 focus-visible:ring-offset-2 disabled:opacity-50 disabled:pointer-events-none active:scale-[0.98] select-none bg-coral text-white hover:bg-coral/90 focus-visible:ring-coral-soft focus-visible:ring-offset-white shadow-sm hover:shadow-md h-10 px-4 text-sm min-w-[2.5rem]"
          type="button"
        >
          Confirm
        </button>
      </div>
    </div>
  </div>
</DocumentFragment>
`;
