// Vitest Snapshot v1, https://vitest.dev/guide/snapshot.html

exports[`PinField > matches snapshot 1`] = `
<DocumentFragment>
  <div
    class="w-full"
  >
    <label
      class="block text-sm font-medium text-foreground mb-2"
      for="«rg»-0"
    >
      Enter PIN
    </label>
    <div
      aria-describedby="«rg»-helper"
      aria-labelledby="«rg»-label"
      class="flex gap-2 justify-center"
      role="group"
    >
      <input
        aria-invalid="false"
        autocomplete="one-time-code"
        class="w-9 h-9 text-center border border-primary/30 rounded-md transition-colors focus:outline-none focus:ring-2 focus:ring-primary/20 focus:border-primary disabled:opacity-50 disabled:pointer-events-none disabled:bg-gray-50 text-sm font-semibold text-foreground"
        data-testid="pin-input-0"
        id="«rg»-0"
        inputmode="numeric"
        maxlength="1"
        pattern="[0-9]*"
        type="text"
        value=""
      />
      <input
        aria-invalid="false"
        autocomplete="one-time-code"
        class="w-9 h-9 text-center border border-primary/30 rounded-md transition-colors focus:outline-none focus:ring-2 focus:ring-primary/20 focus:border-primary disabled:opacity-50 disabled:pointer-events-none disabled:bg-gray-50 text-sm font-semibold text-foreground"
        data-testid="pin-input-1"
        id="«rg»-1"
        inputmode="numeric"
        maxlength="1"
        pattern="[0-9]*"
        type="text"
        value=""
      />
      <input
        aria-invalid="false"
        autocomplete="one-time-code"
        class="w-9 h-9 text-center border border-primary/30 rounded-md transition-colors focus:outline-none focus:ring-2 focus:ring-primary/20 focus:border-primary disabled:opacity-50 disabled:pointer-events-none disabled:bg-gray-50 text-sm font-semibold text-foreground"
        data-testid="pin-input-2"
        id="«rg»-2"
        inputmode="numeric"
        maxlength="1"
        pattern="[0-9]*"
        type="text"
        value=""
      />
      <input
        aria-invalid="false"
        autocomplete="one-time-code"
        class="w-9 h-9 text-center border border-primary/30 rounded-md transition-colors focus:outline-none focus:ring-2 focus:ring-primary/20 focus:border-primary disabled:opacity-50 disabled:pointer-events-none disabled:bg-gray-50 text-sm font-semibold text-foreground"
        data-testid="pin-input-3"
        id="«rg»-3"
        inputmode="numeric"
        maxlength="1"
        pattern="[0-9]*"
        type="text"
        value=""
      />
      <input
        aria-invalid="false"
        autocomplete="one-time-code"
        class="w-9 h-9 text-center border border-primary/30 rounded-md transition-colors focus:outline-none focus:ring-2 focus:ring-primary/20 focus:border-primary disabled:opacity-50 disabled:pointer-events-none disabled:bg-gray-50 text-sm font-semibold text-foreground"
        data-testid="pin-input-4"
        id="«rg»-4"
        inputmode="numeric"
        maxlength="1"
        pattern="[0-9]*"
        type="text"
        value=""
      />
      <input
        aria-invalid="false"
        autocomplete="one-time-code"
        class="w-9 h-9 text-center border border-primary/30 rounded-md transition-colors focus:outline-none focus:ring-2 focus:ring-primary/20 focus:border-primary disabled:opacity-50 disabled:pointer-events-none disabled:bg-gray-50 text-sm font-semibold text-foreground"
        data-testid="pin-input-5"
        id="«rg»-5"
        inputmode="numeric"
        maxlength="1"
        pattern="[0-9]*"
        type="text"
        value=""
      />
    </div>
    <div
      class="mt-2 text-sm text-gray-600"
      id="«rg»-helper"
    >
      Enter your 6-digit PIN code
    </div>
  </div>
</DocumentFragment>
`;
