// Vitest Snapshot v1, https://vitest.dev/guide/snapshot.html

exports[`DateSinglePickerInput Docked Stories > renders default docked story and matches snapshot 1`] = `
<DocumentFragment>
  <div
    class="relative w-full"
  >
    <div
      class="relative"
    >
      <label
        class="block text-sm font-medium text-foreground mb-2"
        for="«r0»"
      >
        Date of Birth
      </label>
      <button
        aria-disabled="false"
        aria-expanded="false"
        aria-haspopup="dialog"
        aria-invalid="false"
        class="rounded-md border bg-white transition-colors focus:outline-none focus:ring-2 focus:ring-offset-2 disabled:opacity-50 disabled:pointer-events-none disabled:bg-gray-50 border-coral/30 text-foreground focus:border-coral focus:ring-coral/20 pl-3 pr-3 h-10 flex items-center justify-between cursor-pointer w-full relative text-left"
        id="«r0»"
        tabindex="0"
        type="button"
      >
        <span
          class="flex-1"
        >
          Jul 1, 2025
        </span>
      </button>
      <div
        class="mt-1 text-sm text-muted-foreground"
      >
        Pick your birth date
      </div>
    </div>
    <button
      aria-controls="menu-content"
      aria-expanded="false"
      aria-haspopup="menu"
      class="absolute top-[90%] left-0"
      type="button"
    >
      <span
        aria-hidden="true"
      />
    </button>
    <div
      aria-hidden="true"
      class="min-w-40 text-black shadow-md py-2.5 absolute z-50 transition-opacity duration-150 ease-out opacity-0 drop-shadow-lg rounded-lg bg-white border border-neutral"
      id="menu-content-«r1»"
      role="menu"
      style="top: 0px; left: 0px;"
      tabindex="-1"
    />
  </div>
</DocumentFragment>
`;
