// Vitest Snapshot v1, https://vitest.dev/guide/snapshot.html

exports[`Button > matches snapshot 1`] = `
<DocumentFragment>
  <button
    class="inline-flex items-center justify-center gap-2 rounded-md font-medium transition-all duration-200 focus-visible:outline-none focus-visible:ring-2 focus-visible:ring-offset-2 disabled:opacity-50 disabled:pointer-events-none active:scale-[0.98] select-none cursor-pointer bg-primary text-white hover:bg-primary/90 focus-visible:ring-primary-light focus-visible:ring-offset-white shadow-sm hover:shadow-md h-9 px-4 text-sm min-w-[2.5rem]"
    type="button"
  >
    Snapshot Test
  </button>
</DocumentFragment>
`;
