// Vitest Snapshot v1, https://vitest.dev/guide/snapshot.html

exports[`SegmentMultipleInput > SegmentMultipleInput - FullWidth > renders all options and fills parent width 1`] = `
<div
  class="w-full"
>
  <div>
    <div
      class="block text-sm font-medium text-foreground mb-3"
    >
      Transaction Type
    </div>
    <div
      class="flex flex-row rounded-full border overflow-hidden p-1 gap-0.25 border-primary-light text-sm"
    >
      <input
        checked=""
        class="sr-only"
        id="«r1p»"
        name="transaction-type[]"
        type="checkbox"
        value="expense"
      />
      <label
        class="justify-center relative flex flex-row items-center text-center font-medium transition-all duration-200 cursor-pointer border-0 outline-none focus:ring-2 focus:ring-offset-1 flex-1 focus:ring-primary/30 px-3 py-2 text-sm rounded-l-full bg-primary text-white hover:text-white"
        for="«r1p»"
      >
        Expense
      </label>
      <input
        class="sr-only"
        id="«r1q»"
        name="transaction-type[]"
        type="checkbox"
        value="income"
      />
      <label
        class="justify-center relative flex flex-row items-center text-center font-medium transition-all duration-200 cursor-pointer border-0 bg-transparent outline-none focus:ring-2 focus:ring-offset-1 flex-1 text-ghost hover:text-primary focus:ring-primary/30 px-3 py-2 text-sm"
        for="«r1q»"
      >
        Income
      </label>
      <input
        class="sr-only"
        id="«r1r»"
        name="transaction-type[]"
        type="checkbox"
        value="transfer"
      />
      <label
        class="justify-center relative flex flex-row items-center text-center font-medium transition-all duration-200 cursor-pointer border-0 bg-transparent outline-none focus:ring-2 focus:ring-offset-1 flex-1 text-ghost hover:text-primary focus:ring-primary/30 px-3 py-2 text-sm rounded-r-full"
        for="«r1r»"
      >
        Transfer
      </label>
    </div>
    <div
      class="mt-2 text-sm text-gray-600"
    >
      Choose one or more types
    </div>
  </div>
</div>
`;
