// Vitest Snapshot v1, https://vitest.dev/guide/snapshot.html

exports[`SelectableMultipleInput > renders basic options and allows multiple selections 1`] = `
<DocumentFragment>
  <div
    class="flex flex-col"
  >
    <label
      aria-checked="false"
      aria-label="Select apple"
      class="flex gap-3 cursor-pointer border-b border-border select-none p-4 transition-colors hover:bg-neutral-light items-center"
      for="«r0»"
      role="checkbox"
      tabindex="0"
    >
      <input
        aria-checked="false"
        aria-hidden="true"
        class="sr-only"
        id="«r0»"
        type="checkbox"
        value="apple"
      />
      <span
        aria-hidden="true"
        class="relative h-6 w-6 rounded border cursor-pointer transition-all duration-200 focus:outline-none focus:ring-2 focus:ring-offset-2 appearance-none checked:bg-primary checked:border-primary focus:ring-primary/20 border-primary/40 bg-white active:scale-95 after:content-[""] after:absolute after:left-1/2 after:top-[45%] after:-translate-x-1/2 after:-translate-y-1/2 after:border-b-2 after:border-r-2 after:border-white after:rotate-45 after:opacity-0 after:transition-opacity after:duration-200 after:w-[6px] after:h-[12px]"
      />
      <span
        class="flex-1 min-w-0 text-base text-foreground"
      >
        Apple
      </span>
    </label>
    <label
      aria-checked="false"
      aria-label="Select banana"
      class="flex gap-3 cursor-pointer border-b border-border select-none p-4 transition-colors hover:bg-neutral-light items-center"
      for="«r1»"
      role="checkbox"
      tabindex="0"
    >
      <input
        aria-checked="false"
        aria-hidden="true"
        class="sr-only"
        id="«r1»"
        type="checkbox"
        value="banana"
      />
      <span
        aria-hidden="true"
        class="relative h-6 w-6 rounded border cursor-pointer transition-all duration-200 focus:outline-none focus:ring-2 focus:ring-offset-2 appearance-none checked:bg-primary checked:border-primary focus:ring-primary/20 border-primary/40 bg-white active:scale-95 after:content-[""] after:absolute after:left-1/2 after:top-[45%] after:-translate-x-1/2 after:-translate-y-1/2 after:border-b-2 after:border-r-2 after:border-white after:rotate-45 after:opacity-0 after:transition-opacity after:duration-200 after:w-[6px] after:h-[12px]"
      />
      <span
        class="flex-1 min-w-0 text-base text-foreground"
      >
        Banana
      </span>
    </label>
    <label
      aria-checked="false"
      aria-label="Select orange"
      class="flex gap-3 cursor-pointer border-b border-border select-none p-4 transition-colors hover:bg-neutral-light items-center"
      for="«r2»"
      role="checkbox"
      tabindex="0"
    >
      <input
        aria-checked="false"
        aria-hidden="true"
        class="sr-only"
        id="«r2»"
        type="checkbox"
        value="orange"
      />
      <span
        aria-hidden="true"
        class="relative h-6 w-6 rounded border cursor-pointer transition-all duration-200 focus:outline-none focus:ring-2 focus:ring-offset-2 appearance-none checked:bg-primary checked:border-primary focus:ring-primary/20 border-primary/40 bg-white active:scale-95 after:content-[""] after:absolute after:left-1/2 after:top-[45%] after:-translate-x-1/2 after:-translate-y-1/2 after:border-b-2 after:border-r-2 after:border-white after:rotate-45 after:opacity-0 after:transition-opacity after:duration-200 after:w-[6px] after:h-[12px]"
      />
      <span
        class="flex-1 min-w-0 text-base text-foreground"
      >
        Orange
      </span>
    </label>
  </div>
</DocumentFragment>
`;
