// Vitest Snapshot v1, https://vitest.dev/guide/snapshot.html

exports[`Tabs > matches snapshot 1`] = `
<DocumentFragment>
  <nav
    aria-label="Tabs"
    class="relative w-full"
  >
    <div
      class="relative overflow-hidden"
    >
      <ul
        class="flex flex-row w-full border-b border-border overflow-x-auto overflow-y-visible whitespace-nowrap py-1"
        role="tablist"
      >
        <li
          role="presentation"
        >
          <a
            aria-controls="tabs-content-tab1"
            aria-current="page"
            aria-selected="true"
            class="inline-flex items-center justify-center px-4 py-2 text-sm transition-all duration-200 border-b-2 border-transparent select-none cursor-pointer focus-visible:outline-none focus-visible:ring-2 focus-visible:ring-primary focus-visible:ring-offset-2 focus-visible:z-10 disabled:opacity-50 disabled:pointer-events-none text-primary font-medium"
            href="#tab1"
            id="tabs-trigger-tab1"
            role="tab"
          >
            Tab 1
          </a>
        </li>
        <li
          role="presentation"
        >
          <a
            aria-controls="tabs-content-tab2"
            aria-selected="false"
            class="inline-flex items-center justify-center px-4 py-2 text-sm font-normal text-foreground transition-all duration-200 border-b-2 border-transparent select-none cursor-pointer focus-visible:outline-none focus-visible:ring-2 focus-visible:ring-primary focus-visible:ring-offset-2 focus-visible:z-10 disabled:opacity-50 disabled:pointer-events-none hover:text-primary"
            href="#tab2"
            id="tabs-trigger-tab2"
            role="tab"
          >
            Tab 2
          </a>
        </li>
      </ul>
      <div
        aria-hidden="true"
        class="absolute bottom-0 h-0.5 rounded bg-primary transition-all duration-300 pointer-events-none"
        style="left: 0px; width: 0px;"
      />
    </div>
  </nav>
</DocumentFragment>
`;
