// Vitest Snapshot v1, https://vitest.dev/guide/snapshot.html

exports[`Snackbar > renders correctly (snapshot) 1`] = `
<DocumentFragment>
  <div
    aria-live="polite"
    class="flex items-center gap-2 px-4 py-2 rounded-sm w-auto mx-4 sm:mx-0 sm:w-fit relative shadow-sm text-success-bold bg-success-soft border-l-4 border-success"
    role="status"
  >
    <span
      class="flex-1 truncate text-sm"
      data-testid="snackbar-text"
    >
      Single line snackbar with close
    </span>
  </div>
</DocumentFragment>
`;
