// Vitest Snapshot v1, https://vitest.dev/guide/snapshot.html

exports[`Attribute > should render with correct HTML structure 1`] = `
<DocumentFragment>
  <div
    class="space-y-1"
  >
    <h6
      class="text-gray-500 normal-case no-underline text-left font-medium text-base leading-none"
    >
      Name
    </h6>
    <small
      class="text-ghost normal-case no-underline text-left text-sm leading-normal font-normal"
    >
      John Doe
    </small>
  </div>
</DocumentFragment>
`;
