// Vitest Snapshot v1, https://vitest.dev/guide/snapshot.html

exports[`Attribute > should render with correct HTML structure 1`] = `
<DocumentFragment>
  <div
    class="space-y-1"
  >
    <h4
      class="text-gray-500 text-left text-sm font-normal leading-none"
    >
      Name
    </h4>
    <p
      class="text-ghost text-left text-base font-normal"
    >
      John Doe
    </p>
  </div>
</DocumentFragment>
`;
